// Jest Snapshot v1, https://goo.gl/fbAQLP

exports[`Tweet component should render the Tweet component 1`] = `
<div
  className="tweet-container"
>
  <div
    className="tweet-header"
  >
    <img
      alt=""
      className="avatar"
      src="https://avatarfiles.alphacoders.com/174/174225.jpg"
    />
    <div
      className="tweet-header-info"
    >
      Ewald Van Rooyen
      <span>
        @Ewald42
      </span>
      <span>
        2015-01-17
      </span>
      <p>
         
        Hello World
      </p>
    </div>
  </div>
  <div
    className="tweet-icons"
  >
    <div
      className="likes"
    >
      <svg
        className="bi bi-heart"
        fill="currentColor"
        height="16"
        viewBox="0 0 16 16"
        width="16"
        xmlns="http://www.w3.org/2000/svg"
      >
        <path
          d="M8 2.748l-.717-.737C5.6.281 2.514.878 1.4 3.053c-.523 1.023-.641 2.5.314 4.385.92 1.815 2.834 3.989 6.286 6.357 3.452-2.368 5.365-4.542 6.286-6.357.955-1.886.838-3.362.314-4.385C13.486.878 10.4.28 8.717 2.01L8 2.748zM8 15C-7.333 4.868 3.279-3.04 7.824 1.143c.06.055.119.112.176.171a3.12 3.12 0 0 1 .176-.17C12.72-3.042 23.333 4.867 8 15z"
        />
      </svg>
      <div
        className="likes-count"
      >
        50
      </div>
    </div>
  </div>
</div>
`;

exports[`Tweet component tests should render the Tweet component 1`] = `
<div
  className="tweet-container"
>
  <div
    className="tweet-header"
  >
    <img
      alt=""
      className="avatar"
      src="https://avatarfiles.alphacoders.com/174/174225.jpg"
    />
    <div
      className="tweet-header-info"
    >
      Ewald Van Rooyen
      <span>
        @Ewald42
      </span>
      <span>
        2015-01-17
      </span>
      <p>
         
        Hello World
      </p>
    </div>
  </div>
  <div
    className="tweet-icons"
  >
    <div
      className="likes"
    >
      <svg
        className="bi bi-heart"
        fill="currentColor"
        height="16"
        viewBox="0 0 16 16"
        width="16"
        xmlns="http://www.w3.org/2000/svg"
      >
        <path
          d="M8 2.748l-.717-.737C5.6.281 2.514.878 1.4 3.053c-.523 1.023-.641 2.5.314 4.385.92 1.815 2.834 3.989 6.286 6.357 3.452-2.368 5.365-4.542 6.286-6.357.955-1.886.838-3.362.314-4.385C13.486.878 10.4.28 8.717 2.01L8 2.748zM8 15C-7.333 4.868 3.279-3.04 7.824 1.143c.06.055.119.112.176.171a3.12 3.12 0 0 1 .176-.17C12.72-3.042 23.333 4.867 8 15z"
        />
      </svg>
      <div
        className="likes-count"
      >
        50
      </div>
    </div>
  </div>
</div>
`;
